Step2. Update OpenCV (refer to https://jkjung-avt.github.io/opencv3-on-tx2/)

# Remove all old OpenCV installed by JetPack
$ sudo apt-get purge libopencv*
$ sudo apt autoremove

# Install dependencies based on the Jetson Installing OpenCV Guide
# For libvtk5-dev, refer to https://answers.opencv.org/question/32502/opencv-249-viz-module-not-there/?answer=32847#post-id-32847
$ sudo apt-get install libavformat-dev libavutil-dev \
                       libswscale-dev libv4l-dev libeigen3-dev \
                       libglew-dev libgtk2.0-dev libvtk5-dev

# Install dependencies for gstreamer stuffs
$ sudo apt-get install libdc1394-22-dev libxine2-dev \
                       libgstreamer1.0-dev \
                       libgstreamer-plugins-base1.0-dev
                       
# Install additional dependencies according to the pyimageresearch
$ sudo apt-get install libjpeg-dev libwebp-dev
$ sudo apt-get install libjpeg8-dev libjpeg-turbo8-dev libtiff5-dev \
                       libjasper-dev
$ sudo apt-get install libxvidcore-dev libx264-dev libgtk-3-dev \
                       libatlas-base-dev gfortran
$ sudo apt-get install libopenblas-dev liblapack-dev liblapacke-dev

# Install Qt5 dependencies
$ sudo apt-get install qt5-default

# Install pip for python3 and python2
# Download install file
$ cd ~/src
$ wget https://bootstrap.pypa.io/get-pip.py
# Install pip for python3
$ sudo python3 get-pip.py
# Install pip for python2
$ sudo python2 get-pip.py

# Install dependencies for python3
$ sudo apt-get install python3-dev python3-tk
$ sudo pip3 install numpy
$ sudo pip3 install matplotlib

# Modify matplotlibrc (line #41) as 'backend: TkAgg'
$ sudo vim /usr/local/lib/python3.5/dist-packages/matplotlib/mpl-data/matplotlibrc

# Install dependencies for python2
$ sudo apt-get install python-dev python-tk
$ sudo pip2 install numpy
$ sudo pip2 install matplotlib

# Modify matplotlibrc (line #41) as 'backend : TkAgg'
$ sudo vim /usr/local/lib/python2.7/dist-packages/matplotlib/mpl-data/matplotlibrc

# Fix OpenGL (refer to https://devtalk.nvidia.com/default/topic/1007290/jetson-tx2/building-opencv-with-opengl-support-/post/5141945/#5141945)
$ sudo vim /usr/local/cuda/include/cuda_gl_interop.h
$ cd /usr/lib/aarch64-linux-gnu/
$ sudo ln -sf tegra/libGL.so libGL.so
# Relevant lines (line #62~68) of cuda_gl_interop.h look like after the modification.
"""
//#if defined(__arm__) || defined(__aarch64__)
//#ifndef GL_VERSION
//#error Please include the appropriate gl headers before including cuda_gl_interop.h
//#endif
//#else
 #include <GL/gl.h>
//#endif
"""

# Install OpenCV from source
$ cd ~/src
# Download source code
$ wget https://github.com/opencv/opencv/archive/3.4.6.zip \
       -O opencv-3.4.6.zip
# Decompress
$ unzip opencv-3.4.6.zip
# Build opencv
$ cd opencv-3.4.6
$ mkdir build
$ cd build
$ cmake -S ../ -D CMAKE_BUILD_TYPE=RELEASE -D CMAKE_INSTALL_PREFIX=/usr/local \
        -D WITH_CUDA=ON -D CUDA_ARCH_BIN="6.2" -D CUDA_ARCH_PTX="" \
        -D WITH_CUBLAS=ON -D ENABLE_FAST_MATH=ON -D CUDA_FAST_MATH=ON \
        -D ENABLE_NEON=ON -D WITH_LIBV4L=ON -D BUILD_TESTS=OFF \
        -D BUILD_PERF_TESTS=OFF -D BUILD_EXAMPLES=OFF  -D WITH_VTK=ON \
        -D WITH_QT=ON -D WITH_OPENGL=ON -D WITH_GSTREAMER=ON..
$ make -j4
$ sudo make install

# Refer:
# https://www.pyimagesearch.com/2016/10/24/ubuntu-16-04-how-to-install-opencv/
